Ilość dotychczasowych poprawek: 5

+ 102(134) - is_same_object sprawdzało czy obiekty są różne, a nie równe xD
             Teraz działa.
+ 201(134) - to co w 102. 
             Teraz działa.
+ 203(134) - to co w 102. 
             Teraz działa.
+ 204(don't compile) - z wersji operatorów +, - i * z wielomianem po obu stronach 
                       usunąłem wymaganie std::is_convertible_v<U, T> || std::is_convertible_v<T, U>.
                       Dodatkowo to co w 102. 
                       Teraz działa.
301(don't compile) - to co w 204. 
                     Teraz wywala się jakiś assert. 
                     Możliwe, że źle działa metoda at.
+ 401(don't compile) - to co w 204.
                       Teraz działa.
+ 503(don't compile) - Ta co w 204 i 102.
                       Teraz działa.
? 504(don't compile) - Peczarski chyba coś pomylił, kompilacja i działanie na students jest poprawne
+ 505(134) - To co w 120. 
             w tym teście na końcu jest kurna powtórzony test 102 xD.
             Teraz działa.
601(don't compile) - idk o co tu chodzi